[support_johnny] 2023-07-15 : Hail! What may I aid thee with on this day?
[becky_h] 2023-07-15 : Hey, my blasted promo code isn't applying the discount in my cart.
[support_johnny] 2023-07-15 : My apologies for the trouble, ****. Could thou tell me the promo code thou art trying to use?
[becky_h] 2023-07-15 : It's "SAVE20".

[support_peter] 2023-07-24 : Good day! How may I be of service?
[lucy_g] 2023-07-24 : Hi "Peter", I can't update my darn credit card information. Do you want my darn money or not?
[support_peter] 2023-07-24 : I'm sorry for the inconvenience, ****. Can thou please confirm thy account's email?
[lucy_g] 2023-07-24 : Sure, you have all my darn data already anyways. It's ****. 

[support_luke] 2023-08-13 : Good morning! How may I assist thee?
[anna_s] 2023-08-13 : Hello, I'm having a problem with my mobile app, it keeps crashing.
[support_luke] 2023-08-13 : I'm sorry to hear that, ****. Could thou tell me what device thou art using?
[anna_s] 2023-08-13 : I have an iPhone 11.

[support_lisa] 2023-08-30 : Good evening! How may I assist thee today?
[steve_b] 2023-08-30 : Hi Lisa, I've forgotten my friggin password and I can't login into my account.
[support_lisa] 2023-08-30 : I'm sorry for the trouble, ****. Could thou confirm thy email address so we can reset thy password?
[steve_b] 2023-08-30 : Definitely, it's ****. 

[support_william] 2023-09-01 : Hello! How can I assist thee this morning?
[emma_t] 2023-09-01 : Hi, I'm trying to make a purchase but it's not going through.
[support_william] 2023-09-01 : I'm sorry to hear that, ****. Can thou tell me what error message thou art receiving?
[emma_t] 2023-09-01 : It's saying "Payment method not valid".

[support_ben] 2023-10-11 : Good morning! How may I assist thee?
[susan_p] 2023-10-11 : Hello, I'd like to know the status of my order. 
[support_ben] 2023-10-11 : Of course, ****. Could thou please provide me with the order number?
[susan_p] 2023-10-11 : It's ****. 

[support_ricky] 2023-10-19 : Welcome! How can I assist thee right now?
[linda_a] 2023-10-19 : Fudge! There's no option to change my profile picture. What kind of crikey joint are you running? 
[support_ricky] 2023-10-19 : Let me help thee with this, ****. Art thou trying to update it from the mobile app or the website?
[linda_a] 2023-10-19 : I'm using the darn website

[support_tony] 2023-10-29 : Hello! What can I help thee with today?
[mark_s] 2023-10-29 : Hi Tony, I was charged twice for my last order. 
[support_tony] 2023-10-29 : I'm sorry to hear that, ****. Could thou share thy order number so I can look into this for thee?
[mark_s] 2023-10-29 : Sure, it's ****.

[support_emily] 2023-11-08 : How can I help thee today?
[nina_z] 2023-11-08 : Hi, I made an order last week but I need to change the sizing. 
[support_emily] 2023-11-08 : Certainly, ****. Could thou provide me the order number?
[nina_z] 2023-11-08 : Yes, it's ****. Thanks!
